// Jest Snapshot v1, https://goo.gl/fbAQLP

exports[`Should render NotFoundPage 1`] = `
<div>
  <h1>
    404 - Page not Found!
  </h1>
  <Link
    replace={false}
    to="/"
  >
    Go Home
  </Link>
</div>
`;
